// Jest Snapshot v1, https://goo.gl/fbAQLP

exports[`Comparison should render an average card in the middle of two Card components 1`] = `
<div
  className="Comparison"
>
  <Card
    clickCard={[Function]}
    data={
      Object {
        "data": Object {
          "2004": 0.24,
          "2005": 0.278,
          "2006": 0.337,
          "2007": 0.395,
          "2008": 0.536,
          "2009": 0.598,
          "2010": 0.64,
          "2011": 0.672,
          "2012": 0.695,
          "2013": 0.703,
          "2014": 0.741,
        },
        "location": "COLORADO",
      }
    }
    key="COLORADO"
    selected={
      Array [
        Object {
          "data": Object {
            "2004": 0.24,
            "2005": 0.278,
            "2006": 0.337,
            "2007": 0.395,
            "2008": 0.536,
            "2009": 0.598,
            "2010": 0.64,
            "2011": 0.672,
            "2012": 0.695,
            "2013": 0.703,
            "2014": 0.741,
          },
          "location": "COLORADO",
        },
        Object {
          "data": Object {
            "2004": 0.069,
            "2005": 0.509,
            "2006": 0.638,
            "2007": 0.994,
            "2008": 0.992,
            "2009": 1,
            "2010": 0.993,
            "2011": 0.994,
            "2012": 0.993,
            "2013": 0.989,
            "2014": 0.994,
          },
          "location": "COLORADO SPRINGS 11",
        },
      ]
    }
  />
  <article
    className="average-card"
  >
    <h5>
      Selected district 10-year averages:
    </h5>
    <h3>
      COLORADO
    </h3>
    <h5>
      53.0
      %
    </h5>
    <h3
      className="average"
    >
      RATIO
    </h3>
    <h5
      className="compared"
    >
      1.302
    </h5>
    <h3>
      ACADEMY 20
    </h3>
    <h5>
      40.7
      %
    </h5>
  </article>
  <Card
    clickCard={[Function]}
    data={
      Object {
        "data": Object {
          "2004": 0.069,
          "2005": 0.509,
          "2006": 0.638,
          "2007": 0.994,
          "2008": 0.992,
          "2009": 1,
          "2010": 0.993,
          "2011": 0.994,
          "2012": 0.993,
          "2013": 0.989,
          "2014": 0.994,
        },
        "location": "COLORADO SPRINGS 11",
      }
    }
    key="COLORADO SPRINGS 11"
    selected={
      Array [
        Object {
          "data": Object {
            "2004": 0.24,
            "2005": 0.278,
            "2006": 0.337,
            "2007": 0.395,
            "2008": 0.536,
            "2009": 0.598,
            "2010": 0.64,
            "2011": 0.672,
            "2012": 0.695,
            "2013": 0.703,
            "2014": 0.741,
          },
          "location": "COLORADO",
        },
        Object {
          "data": Object {
            "2004": 0.069,
            "2005": 0.509,
            "2006": 0.638,
            "2007": 0.994,
            "2008": 0.992,
            "2009": 1,
            "2010": 0.993,
            "2011": 0.994,
            "2012": 0.993,
            "2013": 0.989,
            "2014": 0.994,
          },
          "location": "COLORADO SPRINGS 11",
        },
      ]
    }
  />
</div>
`;
